// Jest Snapshot v1, https://goo.gl/fbAQLP

exports[`render correctly when children is passed 1`] = `
<html
  className="className"
  lang="pt-br"
>
  <body
    className="main"
  >
    <main
      className="main-container"
    />
    <nav
      className="navigation-dots"
    >
      <div
        className="nav-dot nav-dot_login"
        data-testid="loginDot"
      />
      <div
        className="nav-dot nav-dot_songs"
        data-testid="songsDot"
      />
    </nav>
  </body>
</html>
`;
